../Core/Src/i2c_hal.c:307:13:delay_us	0	static
../Core/Src/i2c_hal.c:681:17:shtp_i2c_hal_getTimeUs	0	static
../Core/Src/i2c_hal.c:138:13:disableInts	8	static
../Core/Src/i2c_hal.c:148:13:enableI2cInts	8	static
../Core/Src/i2c_hal.c:648:12:shtp_i2c_hal_write	16	static
../Core/Src/i2c_hal.c:128:13:enableInts	8	static
../Core/Src/i2c_hal.c:571:12:shtp_i2c_hal_read	48	static
../Core/Src/i2c_hal.c:284:13:rstn	8	static
../Core/Src/i2c_hal.c:742:13:bno_dfu_i2c_hal_close	8	static
../Core/Src/i2c_hal.c:278:13:bootn	8	static
../Core/Src/i2c_hal.c:550:13:shtp_i2c_hal_close	8	static
../Core/Src/i2c_hal.c:254:13:hal_init_timer	16	static
../Core/Src/i2c_hal.c:162:13:hal_init_gpio	56	static
../Core/Src/i2c_hal.c:220:13:hal_init_i2c	40	static
../Core/Src/i2c_hal.c:759:12:bno_dfu_i2c_hal_read	24	static
../Core/Src/i2c_hal.c:492:12:shtp_i2c_hal_open	32	static
../Core/Src/i2c_hal.c:836:17:bno_dfu_i2c_hal_getTimeUs	0	static
../Core/Src/i2c_hal.c:689:12:bno_dfu_i2c_hal_open	16	static
../Core/Src/i2c_hal.c:800:12:bno_dfu_i2c_hal_write	16	static
../Core/Src/i2c_hal.c:331:6:HAL_I2C_MasterRxCpltCallback	8	static
../Core/Src/i2c_hal.c:371:6:HAL_I2C_MasterTxCpltCallback	0	static
../Core/Src/i2c_hal.c:388:6:HAL_I2C_ErrorCallback	8	static
../Core/Src/i2c_hal.c:432:6:HAL_GPIO_EXTI_Callback	8	static
../Core/Src/i2c_hal.c:472:6:EXTI15_10_IRQHandler	8	static
../Core/Src/i2c_hal.c:478:6:I2C1_EV_IRQHandler	8	static
../Core/Src/i2c_hal.c:484:6:I2C1_ER_IRQHandler	8	static
../Core/Src/i2c_hal.c:841:12:shtp_i2c_hal_init	0	static
../Core/Src/i2c_hal.c:855:12:bno_dfu_i2c_hal_init	0	static
