../Core/Src/shtp.c:405:13:callAdvertHandler	16	static
../Core/Src/shtp.c:200:13:updateCallbacks	40	static
../Core/Src/shtp.c:347:13:addApp	24	static
../Core/Src/shtp.c:331:13:shtpAdvertHdlr	16	static
../Core/Src/shtp.c:526:13:shtpCmdListener	136	static
../Core/Src/shtp.c:698:6:shtp_close	8	static
../Core/Src/shtp.c:710:6:shtp_setEventCallback	0	static
../Core/Src/shtp.c:720:5:shtp_listenChan	24	static
../Core/Src/shtp.c:733:5:shtp_listenAdvert	16	static
../Core/Src/shtp.c:644:7:shtp_open	32	static
../Core/Src/shtp.c:751:9:shtp_chanNo	32	static
../Core/Src/shtp.c:801:6:shtp_service	40	static
../Core/Src/shtp.c:781:5:shtp_send	40	static
