../Core/Src/main.c:94:10:ADC_DMA_AVG	32	static
../Core/Src/main.c:130:6:ADC_CAN_Package	24	static
../Core/Src/main.c:155:6:HAL_TIM_PeriodElapsedCallback	16	static
../Core/Src/main.c:171:5:main	8	static
../Core/Src/main.c:231:6:SystemClock_Config	88	static
../Core/Src/main.c:266:13:MX_ADC_Init	24	static
../Core/Src/main.c:344:13:MX_CAN_Init	48	static
../Core/Src/main.c:398:13:MX_TIM16_Init	8	static
../Core/Src/main.c:436:13:MX_DMA_Init	16	static
../Core/Src/main.c:454:13:MX_GPIO_Init	48	static
../Core/Src/main.c:487:6:Error_Handler	8	static,ignoring_inline_asm
